// Jest Snapshot v1, https://goo.gl/fbAQLP

exports[`Pruebas en el Navbar Snapshot y ver nombre del usuario 1`] = `
<nav
  className="navbar navbar-expand-sm navbar-dark bg-dark"
>
  <a
    className="navbar-brand"
    href="/"
    onClick={[Function]}
  >
    Asociaciones
  </a>
  <div
    className="navbar-collapse"
  >
    <div
      className="navbar-nav"
    >
      <a
        className="nav-item nav-link"
        href="/marvel"
        onClick={[Function]}
      >
        Marvel
      </a>
      <a
        className="nav-item nav-link"
        href="/dc"
        onClick={[Function]}
      >
        DC
      </a>
      <a
        className="nav-item nav-link"
        href="/heroes"
        onClick={[Function]}
      >
        Heroes
      </a>
      <a
        className="nav-item nav-link"
        href="/search"
        onClick={[Function]}
      >
        Search
      </a>
    </div>
  </div>
  <div
    className="navbar-collapse collapse w-100 order-3 dual-collapse2 d-flex justify-content-end"
  >
    <ul
      className="navbar-nav ml-auto"
    >
      <span
        className="nav-item nav-link text-info"
      >
        Poncho
      </span>
      <button
        className="btn nav-item nav-link"
        onClick={[Function]}
      >
        Logout
      </button>
    </ul>
  </div>
</nav>
`;
